Archive member included to satisfy reference by file (symbol)

c:/program files/microchip/xc8/v2.32/avr/bin/../lib/gcc/avr/5.4.0/../../../../avr/lib/avrxmega3\libm.a(addsf3.o)
                              build/default/production/main.o (__addsf3)
c:/program files/microchip/xc8/v2.32/avr/bin/../lib/gcc/avr/5.4.0/../../../../avr/lib/avrxmega3\libm.a(addsf3x.o)
                              c:/program files/microchip/xc8/v2.32/avr/bin/../lib/gcc/avr/5.4.0/../../../../avr/lib/avrxmega3\libm.a(addsf3.o) (__addsf3x)
c:/program files/microchip/xc8/v2.32/avr/bin/../lib/gcc/avr/5.4.0/../../../../avr/lib/avrxmega3\libm.a(divsf3.o)
                              build/default/production/main.o (__divsf3)
c:/program files/microchip/xc8/v2.32/avr/bin/../lib/gcc/avr/5.4.0/../../../../avr/lib/avrxmega3\libm.a(divsf3x.o)
                              c:/program files/microchip/xc8/v2.32/avr/bin/../lib/gcc/avr/5.4.0/../../../../avr/lib/avrxmega3\libm.a(divsf3.o) (__divsf3x)
c:/program files/microchip/xc8/v2.32/avr/bin/../lib/gcc/avr/5.4.0/../../../../avr/lib/avrxmega3\libm.a(fixunssfsi.o)
                              build/default/production/main.o (__fixunssfsi)
c:/program files/microchip/xc8/v2.32/avr/bin/../lib/gcc/avr/5.4.0/../../../../avr/lib/avrxmega3\libm.a(floatsisf.o)
                              build/default/production/main.o (__floatunsisf)
c:/program files/microchip/xc8/v2.32/avr/bin/../lib/gcc/avr/5.4.0/../../../../avr/lib/avrxmega3\libm.a(fp_inf.o)
                              c:/program files/microchip/xc8/v2.32/avr/bin/../lib/gcc/avr/5.4.0/../../../../avr/lib/avrxmega3\libm.a(addsf3x.o) (__fp_inf)
c:/program files/microchip/xc8/v2.32/avr/bin/../lib/gcc/avr/5.4.0/../../../../avr/lib/avrxmega3\libm.a(fp_nan.o)
                              c:/program files/microchip/xc8/v2.32/avr/bin/../lib/gcc/avr/5.4.0/../../../../avr/lib/avrxmega3\libm.a(addsf3x.o) (__fp_nan)
c:/program files/microchip/xc8/v2.32/avr/bin/../lib/gcc/avr/5.4.0/../../../../avr/lib/avrxmega3\libm.a(fp_pscA.o)
                              c:/program files/microchip/xc8/v2.32/avr/bin/../lib/gcc/avr/5.4.0/../../../../avr/lib/avrxmega3\libm.a(addsf3x.o) (__fp_pscA)
c:/program files/microchip/xc8/v2.32/avr/bin/../lib/gcc/avr/5.4.0/../../../../avr/lib/avrxmega3\libm.a(fp_pscB.o)
                              c:/program files/microchip/xc8/v2.32/avr/bin/../lib/gcc/avr/5.4.0/../../../../avr/lib/avrxmega3\libm.a(addsf3x.o) (__fp_pscB)
c:/program files/microchip/xc8/v2.32/avr/bin/../lib/gcc/avr/5.4.0/../../../../avr/lib/avrxmega3\libm.a(fp_round.o)
                              c:/program files/microchip/xc8/v2.32/avr/bin/../lib/gcc/avr/5.4.0/../../../../avr/lib/avrxmega3\libm.a(addsf3.o) (__fp_round)
c:/program files/microchip/xc8/v2.32/avr/bin/../lib/gcc/avr/5.4.0/../../../../avr/lib/avrxmega3\libm.a(fp_split3.o)
                              c:/program files/microchip/xc8/v2.32/avr/bin/../lib/gcc/avr/5.4.0/../../../../avr/lib/avrxmega3\libm.a(addsf3x.o) (__fp_split3)
c:/program files/microchip/xc8/v2.32/avr/bin/../lib/gcc/avr/5.4.0/../../../../avr/lib/avrxmega3\libm.a(fp_zero.o)
                              c:/program files/microchip/xc8/v2.32/avr/bin/../lib/gcc/avr/5.4.0/../../../../avr/lib/avrxmega3\libm.a(addsf3x.o) (__fp_zero)
c:/program files/microchip/xc8/v2.32/avr/bin/../lib/gcc/avr/5.4.0/avrxmega3\libgcc.a(_udivmodhi4.o)
                              build/default/production/main.o (__udivmodhi4)
c:/program files/microchip/xc8/v2.32/avr/bin/../lib/gcc/avr/5.4.0/avrxmega3\libgcc.a(_exit.o)
                              C:/Program Files/Microchip/MPLABX/v5.50/packs/Microchip/ATmega_DFP/2.3.126/xc8/avr/lib/avrxmega3/crtatmega4809.o (exit)
c:/program files/microchip/xc8/v2.32/avr/bin/../lib/gcc/avr/5.4.0/avrxmega3\libgcc.a(_copy_data.o)
                              build/default/production/mcc_generated_files/src/usart1.o (__do_copy_data)
c:/program files/microchip/xc8/v2.32/avr/bin/../lib/gcc/avr/5.4.0/avrxmega3\libgcc.a(_umulhisi3.o)
                              build/default/production/main.o (__umulhisi3)
c:/program files/microchip/xc8/v2.32/avr/bin/../lib/gcc/avr/5.4.0/../../../../avr/lib/avrxmega3\libc.a(atoi_M.o)
                              build/default/production/main.o (atoi)
c:/program files/microchip/xc8/v2.32/avr/bin/../lib/gcc/avr/5.4.0/../../../../avr/lib/avrxmega3\libc.a(atol.o)
                              c:/program files/microchip/xc8/v2.32/avr/bin/../lib/gcc/avr/5.4.0/../../../../avr/lib/avrxmega3\libc.a(atoi_M.o) (atol)
c:/program files/microchip/xc8/v2.32/avr/bin/../lib/gcc/avr/5.4.0/../../../../avr/lib/avrxmega3\libc.a(strcmp.o)
                              build/default/production/main.o (strcmp)
c:/program files/microchip/xc8/v2.32/avr/bin/../lib/gcc/avr/5.4.0/../../../../avr/lib/avrxmega3\libc.a(strsep.o)
                              build/default/production/main.o (strsep)
c:/program files/microchip/xc8/v2.32/avr/bin/../lib/gcc/avr/5.4.0/../../../../avr/lib/avrxmega3\libc.a(mulsi10.o)
[...]
Memory Configuration

Name             Origin             Length             Attributes
text             0x0000000000000000 0x000000000000c000 xr
data             0x0000000000802800 0x0000000000001800 rw !x
eeprom           0x0000000000810000 0x0000000000000100 rw !x
fuse             0x0000000000820000 0x000000000000000a rw !x
lock             0x0000000000830000 0x0000000000000400 rw !x
signature        0x0000000000840000 0x0000000000000400 rw !x
user_signatures  0x0000000000850000 0x0000000000000400 rw !x
*default*        0x0000000000000000 0xffffffffffffffff

Linker script and memory map

Address of section .data set to 0x802800
                0x0000000000004000                __RODATA_PM_OFFSET__ = 0x4000
LOAD C:/Program Files/Microchip/MPLABX/v5.50/packs/Microchip/ATmega_DFP/2.3.126/xc8/avr/lib/avrxmega3/crtatmega4809.o
                0x0000000000000001                __MPLAB_BUILD = 0x1
LOAD build/default/production/mcc_generated_files/examples/DELAY_example.o
LOAD build/default/production/mcc_generated_files/src/protected_io.o
LOAD build/default/production/mcc_generated_files/src/usart1.o
LOAD build/default/production/mcc_generated_files/src/pin_manager.o
LOAD build/default/production/mcc_generated_files/src/cpuint.o
LOAD build/default/production/mcc_generated_files/src/tca0.o
LOAD build/default/production/mcc_generated_files/src/adc0.o
LOAD build/default/production/mcc_generated_files/src/rtc.o
LOAD build/default/production/mcc_generated_files/mcc.o
LOAD build/default/production/mcc_generated_files/device_config.o
LOAD build/default/production/mcc_generated_files/delay.o
LOAD build/default/production/main.o
START GROUP
LOAD c:/program files/microchip/xc8/v2.32/avr/bin/../lib/gcc/avr/5.4.0/../../../../avr/lib/avrxmega3\libm.a
END GROUP
START GROUP
LOAD c:/program files/microchip/xc8/v2.32/avr/bin/../lib/gcc/avr/5.4.0/avrxmega3\libgcc.a
LOAD c:/program files/microchip/xc8/v2.32/avr/bin/../lib/gcc/avr/5.4.0/../../../../avr/lib/avrxmega3\libm.a
LOAD c:/program files/microchip/xc8/v2.32/avr/bin/../lib/gcc/avr/5.4.0/../../../../avr/lib/avrxmega3\libc.a
LOAD C:/Program Files/Microchip/MPLABX/v5.50/packs/Microchip/ATmega_DFP/2.3.126/xc8/avr/lib/avrxmega3\libatmega4809.a
END GROUP
                [0x0000000000000000]                __TEXT_REGION_ORIGIN__ = DEFINED (__TEXT_REGION_ORIGIN__)?__TEXT_REGION_ORIGIN__:0x0
                [0x0000000000802800]                __DATA_REGION_ORIGIN__ = DEFINED (__DATA_REGION_ORIGIN__)?__DATA_REGION_ORIGIN__:0x802000
                [0x000000000000c000]                __TEXT_REGION_LENGTH__ = DEFINED (__TEXT_REGION_LENGTH__)?__TEXT_REGION_LENGTH__:0x100000
                [0x0000000000001800]                __DATA_REGION_LENGTH__ = DEFINED (__DATA_REGION_LENGTH__)?__DATA_REGION_LENGTH__:0xffa0
                [0x0000000000000100]                __EEPROM_REGION_LENGTH__ = DEFINED (__EEPROM_REGION_LENGTH__)?__EEPROM_REGION_LENGTH__:0x10000
                [0x000000000000000a]                __FUSE_REGION_LENGTH__ = DEFINED (__FUSE_REGION_LENGTH__)?__FUSE_REGION_LENGTH__:0x400
                0x0000000000000400                __LOCK_REGION_LENGTH__ = DEFINED (__LOCK_REGION_LENGTH__)?__LOCK_REGION_LENGTH__:0x400
                0x0000000000000400                __SIGNATURE_REGION_LENGTH__ = DEFINED (__SIGNATURE_REGION_LENGTH__)?__SIGNATURE_REGION_LENGTH__:0x400
                0x0000000000000400                __USER_SIGNATURE_REGION_LENGTH__ = DEFINED (__USER_SIGNATURE_REGION_LENGTH__)?__USER_SIGNATURE_REGION_LENGTH__:0x400
                0x0000000000008000                __RODATA_PM_OFFSET__ = DEFINED (__RODATA_PM_OFFSET__)?__RODATA_PM_OFFSET__:0x8000

.hash
 *(.hash)

.dynsym
 *(.dynsym)

.dynstr
 *(.dynstr)

.gnu.version
 *(.gnu.version)

.gnu.version_d
 *(.gnu.version_d)

.gnu.version_r
 *(.gnu.version_r)

.rel.init
 *(.rel.init)

.rela.init
 *(.rela.init)

.rel.text
 *(.rel.text)
 *(.rel.text.*)
 *(.rel.gnu.linkonce.t*)

.rela.text
 *(.rela.text)
 *(.rela.text.*)
 *(.rela.gnu.linkonce.t*)

.rel.fini
 *(.rel.fini)

.rela.fini
 *(.rela.fini)

.rel.rodata
 *(.rel.rodata)
 *(.rel.rodata.*)
 *(.rel.gnu.linkonce.r*)

.rela.rodata
 *(.rela.rodata)
 *(.rela.rodata.*)
 *(.rela.gnu.linkonce.r*)

.rel.data
 *(.rel.data)
 *(.rel.data.*)
 *(.rel.gnu.linkonce.d*)

.rela.data
 *(.rela.data)
 *(.rela.data.*)
 *(.rela.gnu.linkonce.d*)

.rel.ctors
 *(.rel.ctors)

.rela.ctors
 *(.rela.ctors)

.rel.dtors
 *(.rel.dtors)

.rela.dtors
 *(.rela.dtors)

.rel.got
 *(.rel.got)

.rela.got
 *(.rela.got)

.rel.bss
 *(.rel.bss)

.rela.bss
 *(.rela.bss)

.rel.plt
 *(.rel.plt)

.rela.plt
 *(.rela.plt)

.text           0x0000000000000000      0x12c
 *(.vectors)
 .vectors       0x0000000000000000       0xa0 C:/Program Files/Microchip/MPLABX/v5.50/packs/Microchip/ATmega_DFP/2.3.126/xc8/avr/lib/avrxmega3/crtatmega4809.o
                0x0000000000000000                __vector_default
                0x0000000000000000                __vectors
 *(.vectors)
 *(.progmem.gcc*)
 *(.dinit)
 .dinit         0x00000000000000a0       0x37 data_init
                0x00000000000000d8                . = ALIGN (0x2)
 *fill*         0x00000000000000d7        0x1 
                0x00000000000000d8                __trampolines_start = .
 *(.trampolines)
 .trampolines   0x00000000000000d8        0x0 linker stubs
 *(.trampolines*)
                0x00000000000000d8                __trampolines_end = .
 *libprintf_flt.a:*(.progmem.data)
 *libc.a:*(.progmem.data)
                0x00000000000000d8                . = ALIGN (0x2)
 *(.jumptables)
 *(.jumptables*)
 *(.lowtext)
 *(.lowtext*)
                0x00000000000000d8                __ctors_start = .
 *(.ctors)
                0x00000000000000d8                __ctors_end = .
                0x00000000000000d8                __dtors_start = .
 *(.dtors)
                0x00000000000000d8                __dtors_end = .
 SORT(*)(.ctors)
 SORT(*)(.dtors)
 *(.init0)
 .init0         0x00000000000000d8        0x0 C:/Program Files/Microchip/MPLABX/v5.50/packs/Microchip/ATmega_DFP/2.3.126/xc8/avr/lib/avrxmega3/crtatmega4809.o
                0x00000000000000d8                __init
 *(.init0)
 *(.init1)
 *(.init1)
 *(.init2)
 .init2         0x00000000000000d8        0xc C:/Program Files/Microchip/MPLABX/v5.50/packs/Microchip/ATmega_DFP/2.3.126/xc8/avr/lib/avrxmega3/crtatmega4809.o
 *(.init2)
 *(.init3)
 *(.init3)
 *(.init4)
 .init4         0x00000000000000e4       0x3c c:/program files/microchip/xc8/v2.32/avr/bin/../lib/gcc/avr/5.4.0/avrxmega3\libgcc.a(_copy_data.o)
                0x00000000000000e4                __do_copy_data
                0x0000000000000112                __do_clear_bss
 *(.init4)
 *(.init5)
 *(.init5)
 *(.init6)
 *(.init6)
 *(.init7)
 *(.init7)
 *(.init8)
 *(.init8)
 *(.init9)
 .init9         0x0000000000000120        0x8 C:/Program Files/Microchip/MPLABX/v5.50/packs/Microchip/ATmega_DFP/2.3.126/xc8/avr/lib/avrxmega3/crtatmega4809.o
 *(.init9)
                0x0000000000000128                . = ALIGN (0x2)
 *(.fini9)
 .fini9         0x0000000000000128        0x0 c:/program files/microchip/xc8/v2.32/avr/bin/../lib/gcc/avr/5.4.0/avrxmega3\libgcc.a(_exit.o)
                0x0000000000000128                _exit
                0x0000000000000128                exit
 *(.fini9)
 *(.fini8)
 *(.fini8)
 *(.fini7)
 *(.fini7)
 *(.fini6)
 *(.fini6)
 *(.fini5)
 *(.fini5)
 *(.fini4)
 *(.fini4)
 *(.fini3)
 *(.fini3)
 *(.fini2)
 *(.fini2)
 *(.fini1)
 *(.fini1)
 *(.fini0)
 .fini0         0x0000000000000128        0x4 c:/program files/microchip/xc8/v2.32/avr/bin/../lib/gcc/avr/5.4.0/avrxmega3\libgcc.a(_exit.o)
 *(.fini0)
                0x000000000000012c                _etext = .

.data           0x0000000000802800        0x0 load address 0x000000000000012c
                [!provide]                        PROVIDE (__data_start, .)
 *(.gnu.linkonce.d*)
                0x0000000000802800                . = ALIGN (0x2)
                0x0000000000802800                _edata = .
                [!provide]                        PROVIDE (__data_end, .)

.bss            0x0000000000802800       0xa1
                [!provide]                        PROVIDE (__bss_start, .)
 *(COMMON)
 COMMON         0x0000000000802800       0x6b build/default/production/main.o
                0x0000000000802800                calc_volt
                0x0000000000802804                clock_minutes
                0x0000000000802805                command_array
                0x0000000000802815                LDR_res
                0x0000000000802817                shutdown_timestamp
                0x000000000080281b                button_states
                0x000000000080281c                disp_time
                0x0000000000802820                clock_array
                0x0000000000802822                display_last_shift
                0x0000000000802826                RPI_state
                0x0000000000802827                buffer_array
                0x0000000000802867                signal_strength
                0x0000000000802868                signal_strength_changed
                0x0000000000802869                disp_tm_ptr
 COMMON         0x000000000080286b        0x6 c:/program files/microchip/xc8/v2.32/avr/bin/../lib/gcc/avr/5.4.0/../../../../avr/lib/avrxmega3\libc.a(iob.o)
                0x000000000080286b                __iob
 COMMON         0x0000000000802871        0x4 c:/program files/microchip/xc8/v2.32/avr/bin/../lib/gcc/avr/5.4.0/../../../../avr/lib/avrxmega3\libc.a(system_time.o)
                0x0000000000802871                __system_time
 COMMON         0x0000000000802875        0xc c:/program files/microchip/xc8/v2.32/avr/bin/../lib/gcc/avr/5.4.0/../../../../avr/lib/avrxmega3\libc.a(tm_store.o)
                0x0000000000802875                __tm_store
 COMMON         0x0000000000802881        0x4 c:/program files/microchip/xc8/v2.32/avr/bin/../lib/gcc/avr/5.4.0/../../../../avr/lib/avrxmega3\libc.a(utc_offset.o)
                0x0000000000802881                __utc_offset
 COMMON         0x0000000000802885       0x1a c:/program files/microchip/xc8/v2.32/avr/bin/../lib/gcc/avr/5.4.0/../../../../avr/lib/avrxmega3\libc.a(asc_store.o)
                0x0000000000802885                __store
 COMMON         0x000000000080289f        0x2 c:/program files/microchip/xc8/v2.32/avr/bin/../lib/gcc/avr/5.4.0/../../../../avr/lib/avrxmega3\libc.a(dst_pointer.o)
                0x000000000080289f                __dst_ptr
                [!provide]                        PROVIDE (__bss_end, .)
                0x000000000000012c                __data_load_start = LOADADDR (.data)
                0x000000000000012c                __data_load_end = (__data_load_start + SIZEOF (.data))

.noinit         0x00000000008028a1        0x0
                [!provide]                        PROVIDE (__noinit_start, .)
 *(.noinit*)
                [!provide]                        PROVIDE (__noinit_end, .)
                0x00000000008028a1                _end = .

.eeprom         0x0000000000810000        0x0
 *(.eeprom*)
                0x0000000000810000                __eeprom_end = .

.fuse           0x0000000000820000        0x9
 *(.fuse)
 .fuse          0x0000000000820000        0x9 build/default/production/mcc_generated_files/device_config.o
                0x0000000000820000                __fuse
 *(.lfuse)
 *(.hfuse)
 *(.efuse)

.lock
 *(.lock*)

.signature
 *(.signature*)

.user_signatures
 *(.user_signatures*)

.stab
 *(.stab)

.stabstr
 *(.stabstr)

.stab.excl
 *(.stab.excl)

.stab.exclstr
 *(.stab.exclstr)

.stab.index
 *(.stab.index)

.stab.indexstr
 *(.stab.indexstr)

.comment        0x0000000000000000       0x5b
 *(.comment)
 .comment       0x0000000000000000       0x2f build/default/production/mcc_generated_files/src/usart1.o
                                         0x30 (size before relaxing)
 .comment       0x000000000000002f       0x30 build/default/production/mcc_generated_files/src/pin_manager.o
 .comment       0x000000000000002f       0x30 build/default/production/mcc_generated_files/src/cpuint.o
 .comment       0x000000000000002f       0x30 build/default/production/mcc_generated_files/src/tca0.o
 .comment       0x000000000000002f       0x30 build/default/production/mcc_generated_files/src/adc0.o
 .comment       0x000000000000002f       0x30 build/default/production/mcc_generated_files/src/rtc.o
 .comment       0x000000000000002f       0x30 build/default/production/mcc_generated_files/mcc.o
 .comment       0x000000000000002f       0x30 build/default/production/mcc_generated_files/device_config.o
 .comment       0x000000000000002f       0x30 build/default/production/mcc_generated_files/delay.o
 .comment       0x000000000000002f       0x30 build/default/production/main.o
 .comment       0x000000000000002f       0x2c c:/program files/microchip/xc8/v2.32/avr/bin/../lib/gcc/avr/5.4.0/../../../../avr/lib/avrxmega3\libc.a(atoi_M.o)
                                         0x2d (size before relaxing)
 .comment       0x000000000000005b       0x2d c:/program files/microchip/xc8/v2.32/avr/bin/../lib/gcc/avr/5.4.0/../../../../avr/lib/avrxmega3\libc.a(iob.o)
 .comment       0x000000000000005b       0x2d c:/program files/microchip/xc8/v2.32/avr/bin/../lib/gcc/avr/5.4.0/../../../../avr/lib/avrxmega3\libc.a(printf.o)
 .comment       0x000000000000005b       0x2d c:/program files/microchip/xc8/v2.32/avr/bin/../lib/gcc/avr/5.4.0/../../../../avr/lib/avrxmega3\libc.a(puts.o)
 .comment       0x000000000000005b       0x2d c:/program files/microchip/xc8/v2.32/avr/bin/../lib/gcc/avr/5.4.0/../../../../avr/lib/avrxmega3\libc.a(ctime.o)
 .comment       0x000000000000005b       0x2d c:/program files/microchip/xc8/v2.32/avr/bin/../lib/gcc/avr/5.4.0/../../../../avr/lib/avrxmega3\libc.a(ctime_r.o)
 .comment       0x000000000000005b       0x2d c:/program files/microchip/xc8/v2.32/avr/bin/../lib/gcc/avr/5.4.0/../../../../avr/lib/avrxmega3\libc.a(difftime.o)
 .comment       0x000000000000005b       0x2d c:/program files/microchip/xc8/v2.32/avr/bin/../lib/gcc/avr/5.4.0/../../../../avr/lib/avrxmega3\libc.a(localtime.o)
 .comment       0x000000000000005b       0x2d c:/program files/microchip/xc8/v2.32/avr/bin/../lib/gcc/avr/5.4.0/../../../../avr/lib/avrxmega3\libc.a(localtime_r.o)
 .comment       0x000000000000005b       0x2d c:/program files/microchip/xc8/v2.32/avr/bin/../lib/gcc/avr/5.4.0/../../../../avr/lib/avrxmega3\libc.a(set_system_time.o)
 .comment       0x000000000000005b       0x2d c:/program files/microchip/xc8/v2.32/avr/bin/../lib/gcc/avr/5.4.0/../../../../avr/lib/avrxmega3\libc.a(system_time.o)
 .comment       0x000000000000005b       0x2d c:/program files/microchip/xc8/v2.32/avr/bin/../lib/gcc/avr/5.4.0/../../../../avr/lib/avrxmega3\libc.a(time.o)
 .comment       0x000000000000005b       0x2d c:/program files/microchip/xc8/v2.32/avr/bin/../lib/gcc/avr/5.4.0/../../../../avr/lib/avrxmega3\libc.a(tm_store.o)
 .comment       0x000000000000005b       0x2d c:/program files/microchip/xc8/v2.32/avr/bin/../lib/gcc/avr/5.4.0/../../../../avr/lib/avrxmega3\libc.a(utc_offset.o)
 .comment       0x000000000000005b       0x2d c:/program files/microchip/xc8/v2.32/avr/bin/../lib/gcc/avr/5.4.0/../../../../avr/lib/avrxmega3\libc.a(vfprintf_std.o)
 .comment       0x000000000000005b       0x2d c:/program files/microchip/xc8/v2.32/avr/bin/../lib/gcc/avr/5.4.0/../../../../avr/lib/avrxmega3\libc.a(fputc.o)
 .comment       0x000000000000005b       0x2d c:/program files/microchip/xc8/v2.32/avr/bin/../lib/gcc/avr/5.4.0/../../../../avr/lib/avrxmega3\libc.a(asc_store.o)
 .comment       0x000000000000005b       0x2d c:/program files/microchip/xc8/v2.32/avr/bin/../lib/gcc/avr/5.4.0/../../../../avr/lib/avrxmega3\libc.a(asctime_r.o)
 .comment       0x000000000000005b       0x2d c:/program files/microchip/xc8/v2.32/avr/bin/../lib/gcc/avr/5.4.0/../../../../avr/lib/avrxmega3\libc.a(dst_pointer.o)
 .comment       0x000000000000005b       0x2d c:/program files/microchip/xc8/v2.32/avr/bin/../lib/gcc/avr/5.4.0/../../../../avr/lib/avrxmega3\libc.a(gmtime_r.o)
 .comment       0x000000000000005b       0x2d c:/program files/microchip/xc8/v2.32/avr/bin/../lib/gcc/avr/5.4.0/../../../../avr/lib/avrxmega3\libc.a(print_lz.o)

.stack.descriptors.hdr
                0x0000000000000000      0x2ae
 .stack.descriptors.hdr
                0x0000000000000000        0xe c:/program files/microchip/xc8/v2.32/avr/bin/../lib/gcc/avr/5.4.0/../../../../avr/lib/avrxmega3\libm.a(addsf3.o)
 .stack.descriptors.hdr
                0x000000000000000e        0xe c:/program files/microchip/xc8/v2.32/avr/bin/../lib/gcc/avr/5.4.0/../../../../avr/lib/avrxmega3\libm.a(addsf3x.o)
 .stack.descriptors.hdr
                0x000000000000001c        0xe c:/program files/microchip/xc8/v2.32/avr/bin/../lib/gcc/avr/5.4.0/../../../../avr/lib/avrxmega3\libm.a(divsf3.o)
 .stack.descriptors.hdr
                0x000000000000002a        0xe c:/program files/microchip/xc8/v2.32/avr/bin/../lib/gcc/avr/5.4.0/../../../../avr/lib/avrxmega3\libm.a(divsf3x.o)
 .stack.descriptors.hdr
                0x0000000000000038        0xe c:/program files/microchip/xc8/v2.32/avr/bin/../lib/gcc/avr/5.4.0/../../../../avr/lib/avrxmega3\libm.a(fixunssfsi.o)
 .stack.descriptors.hdr
                0x0000000000000046        0xe c:/program files/microchip/xc8/v2.32/avr/bin/../lib/gcc/avr/5.4.0/../../../../avr/lib/avrxmega3\libm.a(floatsisf.o)
 .stack.descriptors.hdr
                0x0000000000000054        0xe c:/program files/microchip/xc8/v2.32/avr/bin/../lib/gcc/avr/5.4.0/../../../../avr/lib/avrxmega3\libm.a(fp_inf.o)
 .stack.descriptors.hdr
                0x0000000000000062        0xe c:/program files/microchip/xc8/v2.32/avr/bin/../lib/gcc/avr/5.4.0/../../../../avr/lib/avrxmega3\libm.a(fp_nan.o)
 .stack.descriptors.hdr
                0x0000000000000070        0xe c:/program files/microchip/xc8/v2.32/avr/bin/../lib/gcc/avr/5.4.0/../../../../avr/lib/avrxmega3\libm.a(fp_pscA.o)
 .stack.descriptors.hdr
                0x000000000000007e        0xe c:/program files/microchip/xc8/v2.32/avr/bin/../lib/gcc/avr/5.4.0/../../../../avr/lib/avrxmega3\libm.a(fp_pscB.o)
 .stack.descriptors.hdr
                0x000000000000008c        0xe c:/program files/microchip/xc8/v2.32/avr/bin/../lib/gcc/avr/5.4.0/../../../../avr/lib/avrxmega3\libm.a(fp_round.o)
 .stack.descriptors.hdr
                0x000000000000009a        0xe c:/program files/microchip/xc8/v2.32/avr/bin/../lib/gcc/avr/5.4.0/../../../../avr/lib/avrxmega3\libm.a(fp_split3.o)
 .stack.descriptors.hdr
                0x00000000000000a8        0xe c:/program files/microchip/xc8/v2.32/avr/bin/../lib/gcc/avr/5.4.0/../../../../avr/lib/avrxmega3\libm.a(fp_zero.o)
 .stack.descriptors.hdr
                0x00000000000000b6        0xe c:/program files/microchip/xc8/v2.32/avr/bin/../lib/gcc/avr/5.4.0/avrxmega3\libgcc.a(_udivmodhi4.o)
 .stack.descriptors.hdr
                0x00000000000000c4        0xe c:/program files/microchip/xc8/v2.32/avr/bin/../lib/gcc/avr/5.4.0/avrxmega3\libgcc.a(_exit.o)
 .stack.descriptors.hdr
                0x00000000000000d2        0xe c:/program files/microchip/xc8/v2.32/avr/bin/../lib/gcc/avr/5.4.0/avrxmega3\libgcc.a(_umulhisi3.o)
 .stack.descriptors.hdr
                0x00000000000000e0        0xe c:/program files/microchip/xc8/v2.32/avr/bin/../lib/gcc/avr/5.4.0/../../../../avr/lib/avrxmega3\libc.a(atoi_M.o)
 .stack.descriptors.hdr
                0x00000000000000ee        0xe c:/program files/microchip/xc8/v2.32/avr/bin/../lib/gcc/avr/5.4.0/../../../../avr/lib/avrxmega3\libc.a(atol.o)
 .stack.descriptors.hdr
                0x00000000000000fc        0xe c:/program files/microchip/xc8/v2.32/avr/bin/../lib/gcc/avr/5.4.0/../../../../avr/lib/avrxmega3\libc.a(strcmp.o)
 .stack.descriptors.hdr
                0x000000000000010a        0xe c:/program files/microchip/xc8/v2.32/avr/bin/../lib/gcc/avr/5.4.0/../../../../avr/lib/avrxmega3\libc.a(strsep.o)
 .stack.descriptors.hdr
                0x0000000000000118        0xe c:/program files/microchip/xc8/v2.32/avr/bin/../lib/gcc/avr/5.4.0/../../../../avr/lib/avrxmega3\libc.a(mulsi10.o)
 .stack.descriptors.hdr
                0x0000000000000126        0xe c:/program files/microchip/xc8/v2.32/avr/bin/../lib/gcc/avr/5.4.0/../../../../avr/lib/avrxmega3\libc.a(iob.o)
 .stack.descriptors.hdr
                0x0000000000000134        0xe c:/program files/microchip/xc8/v2.32/avr/bin/../lib/gcc/avr/5.4.0/../../../../avr/lib/avrxmega3\libc.a(printf.o)
 .stack.descriptors.hdr
                0x0000000000000142        0xe c:/program files/microchip/xc8/v2.32/avr/bin/../lib/gcc/avr/5.4.0/../../../../avr/lib/avrxmega3\libc.a(puts.o)
 .stack.descriptors.hdr
                0x0000000000000150        0xe c:/program files/microchip/xc8/v2.32/avr/bin/../lib/gcc/avr/5.4.0/../../../../avr/lib/avrxmega3\libc.a(ctime.o)
 .stack.descriptors.hdr
                0x000000000000015e        0xe c:/program files/microchip/xc8/v2.32/avr/bin/../lib/gcc/avr/5.4.0/../../../../avr/lib/avrxmega3\libc.a(ctime_r.o)
 .stack.descriptors.hdr
                0x000000000000016c        0xe c:/program files/microchip/xc8/v2.32/avr/bin/../lib/gcc/avr/5.4.0/../../../../avr/lib/avrxmega3\libc.a(difftime.o)
 .stack.descriptors.hdr
                0x000000000000017a        0xe c:/program files/microchip/xc8/v2.32/avr/bin/../lib/gcc/avr/5.4.0/../../../../avr/lib/avrxmega3\libc.a(localtime.o)
 .stack.descriptors.hdr
                0x0000000000000188        0xe c:/program files/microchip/xc8/v2.32/avr/bin/../lib/gcc/avr/5.4.0/../../../../avr/lib/avrxmega3\libc.a(localtime_r.o)
 .stack.descriptors.hdr
                0x0000000000000196        0xe c:/program files/microchip/xc8/v2.32/avr/bin/../lib/gcc/avr/5.4.0/../../../../avr/lib/avrxmega3\libc.a(set_system_time.o)
 .stack.descriptors.hdr
                0x00000000000001a4        0xe c:/program files/microchip/xc8/v2.32/avr/bin/../lib/gcc/avr/5.4.0/../../../../avr/lib/avrxmega3\libc.a(system_time.o)
 .stack.descriptors.hdr
                0x00000000000001b2        0xe c:/program files/microchip/xc8/v2.32/avr/bin/../lib/gcc/avr/5.4.0/../../../../avr/lib/avrxmega3\libc.a(time.o)
 .stack.descriptors.hdr
                0x00000000000001c0        0xe c:/program files/microchip/xc8/v2.32/avr/bin/../lib/gcc/avr/5.4.0/../../../../avr/lib/avrxmega3\libc.a(tm_store.o)
 .stack.descriptors.hdr
                0x00000000000001ce        0xe c:/program files/microchip/xc8/v2.32/avr/bin/../lib/gcc/avr/5.4.0/../../../../avr/lib/avrxmega3\libc.a(utc_offset.o)
 .stack.descriptors.hdr
                0x00000000000001dc        0xe c:/program files/microchip/xc8/v2.32/avr/bin/../lib/gcc/avr/5.4.0/../../../../avr/lib/avrxmega3\libc.a(system_tick.o)
 .stack.descriptors.hdr
                0x00000000000001ea        0xe c:/program files/microchip/xc8/v2.32/avr/bin/../lib/gcc/avr/5.4.0/../../../../avr/lib/avrxmega3\libc.a(vfprintf_std.o)
 .stack.descriptors.hdr
                0x00000000000001f8        0xe c:/program files/microchip/xc8/v2.32/avr/bin/../lib/gcc/avr/5.4.0/../../../../avr/lib/avrxmega3\libc.a(strnlen_P.o)
 .stack.descriptors.hdr
                0x0000000000000206        0xe c:/program files/microchip/xc8/v2.32/avr/bin/../lib/gcc/avr/5.4.0/../../../../avr/lib/avrxmega3\libc.a(strnlen.o)
 .stack.descriptors.hdr
                0x0000000000000214        0xe c:/program files/microchip/xc8/v2.32/avr/bin/../lib/gcc/avr/5.4.0/../../../../avr/lib/avrxmega3\libc.a(fputc.o)
 .stack.descriptors.hdr
                0x0000000000000222        0xe c:/program files/microchip/xc8/v2.32/avr/bin/../lib/gcc/avr/5.4.0/../../../../avr/lib/avrxmega3\libc.a(ultoa_invert.o)
 .stack.descriptors.hdr
                0x0000000000000230        0xe c:/program files/microchip/xc8/v2.32/avr/bin/../lib/gcc/avr/5.4.0/../../../../avr/lib/avrxmega3\libc.a(asc_store.o)
 .stack.descriptors.hdr
                0x000000000000023e        0xe c:/program files/microchip/xc8/v2.32/avr/bin/../lib/gcc/avr/5.4.0/../../../../avr/lib/avrxmega3\libc.a(asctime_r.o)
 .stack.descriptors.hdr
                0x000000000000024c        0xe c:/program files/microchip/xc8/v2.32/avr/bin/../lib/gcc/avr/5.4.0/../../../../avr/lib/avrxmega3\libc.a(dst_pointer.o)
 .stack.descriptors.hdr
                0x000000000000025a        0xe c:/program files/microchip/xc8/v2.32/avr/bin/../lib/gcc/avr/5.4.0/../../../../avr/lib/avrxmega3\libc.a(gmtime_r.o)
 .stack.descriptors.hdr
                0x0000000000000268        0xe c:/program files/microchip/xc8/v2.32/avr/bin/../lib/gcc/avr/5.4.0/../../../../avr/lib/avrxmega3\libc.a(print_lz.o)
 .stack.descriptors.hdr
                0x0000000000000276        0xe c:/program files/microchip/xc8/v2.32/avr/bin/../lib/gcc/avr/5.4.0/avrxmega3\libgcc.a(_divmodhi4.o)
 .stack.descriptors.hdr
                0x0000000000000284        0xe c:/program files/microchip/xc8/v2.32/avr/bin/../lib/gcc/avr/5.4.0/avrxmega3\libgcc.a(_udivmodsi4.o)
 .stack.descriptors.hdr
                0x0000000000000292        0xe c:/program files/microchip/xc8/v2.32/avr/bin/../lib/gcc/avr/5.4.0/avrxmega3\libgcc.a(_divmodsi4.o)
 .stack.descriptors.hdr
                0x00000000000002a0        0xe c:/program files/microchip/xc8/v2.32/avr/bin/../lib/gcc/avr/5.4.0/avrxmega3\libgcc.a(_negsi2.o)

.note.gnu.build-id
 *(.note.gnu.build-id)

.debug
 *(.debug)

.line
 *(.line)

.debug_srcinfo
 *(.debug_srcinfo)

.debug_sfnames
 *(.debug_sfnames)

.debug_aranges  0x0000000000000000      0x660
 *(.debug_aranges)
 .debug_aranges
                0x0000000000000000       0x20 build/default/production/mcc_generated_files/src/protected_io.o
 .debug_aranges
                0x0000000000000020       0xc0 build/default/production/mcc_generated_files/src/usart1.o
 .debug_aranges
                0x00000000000000e0      0x238 build/default/production/mcc_generated_files/src/pin_manager.o
 .debug_aranges
                0x0000000000000318       0x20 build/default/production/mcc_generated_files/src/cpuint.o
 .debug_aranges
                0x0000000000000338       0xe0 build/default/production/mcc_generated_files/src/tca0.o
 .debug_aranges
                0x0000000000000418       0xa8 build/default/production/mcc_generated_files/src/adc0.o
 .debug_aranges
                0x00000000000004c0       0xa8 build/default/production/mcc_generated_files/src/rtc.o
 .debug_aranges
                0x0000000000000568       0x48 build/default/production/mcc_generated_files/mcc.o
 .debug_aranges
                0x00000000000005b0       0x18 build/default/production/mcc_generated_files/device_config.o
 .debug_aranges
                0x00000000000005c8       0x28 build/default/production/mcc_generated_files/delay.o
 .debug_aranges
                0x00000000000005f0       0x70 build/default/production/main.o

.debug_pubnames
 *(.debug_pubnames)

.debug_info     0x0000000000000000     0x9de1
 *(.debug_info .gnu.linkonce.wi.*)
 .debug_info    0x0000000000000000     0x248a C:/Program Files/Microchip/MPLABX/v5.50/packs/Microchip/ATmega_DFP/2.3.126/xc8/avr/lib/avrxmega3/crtatmega4809.o
 .debug_info    0x000000000000248a       0x7c build/default/production/mcc_generated_files/src/protected_io.o
 .debug_info    0x0000000000002506      0xaf7 build/default/production/mcc_generated_files/src/usart1.o
 .debug_info    0x0000000000002ffd     0x1e5f build/default/production/mcc_generated_files/src/pin_manager.o
 .debug_info    0x0000000000004e5c      0x3c1 build/default/production/mcc_generated_files/src/cpuint.o
 .debug_info    0x000000000000521d      0xe1f build/default/production/mcc_generated_files/src/tca0.o
 .debug_info    0x000000000000603c      0xb1b build/default/production/mcc_generated_files/src/adc0.o
 .debug_info    0x0000000000006b57      0x872 build/default/production/mcc_generated_files/src/rtc.o
 .debug_info    0x00000000000073c9      0x9b2 build/default/production/mcc_generated_files/mcc.o
 .debug_info    0x0000000000007d7b      0x7d0 build/default/production/mcc_generated_files/device_config.o
 .debug_info    0x000000000000854b      0x3f3 build/default/production/mcc_generated_files/delay.o
 .debug_info    0x000000000000893e     0x14a3 build/default/production/main.o

.debug_abbrev   0x0000000000000000     0x32d6
 *(.debug_abbrev)
 .debug_abbrev  0x0000000000000000     0x2296 C:/Program Files/Microchip/MPLABX/v5.50/packs/Microchip/ATmega_DFP/2.3.126/xc8/avr/lib/avrxmega3/crtatmega4809.o
 .debug_abbrev  0x0000000000002296       0x14 build/default/production/mcc_generated_files/src/protected_io.o
 .debug_abbrev  0x00000000000022aa      0x2c9 build/default/production/mcc_generated_files/src/usart1.o
 .debug_abbrev  0x0000000000002573      0x1c8 build/default/production/mcc_generated_files/src/pin_manager.o
 .debug_abbrev  0x000000000000273b       0xfa build/default/production/mcc_generated_files/src/cpuint.o
 .debug_abbrev  0x0000000000002835      0x19e build/default/production/mcc_generated_files/src/tca0.o
 .debug_abbrev  0x00000000000029d3      0x24c build/default/production/mcc_generated_files/src/adc0.o
 .debug_abbrev  0x0000000000002c1f      0x164 build/default/production/mcc_generated_files/src/rtc.o
 .debug_abbrev  0x0000000000002d83      0x17b build/default/production/mcc_generated_files/mcc.o
 .debug_abbrev  0x0000000000002efe       0x97 build/default/production/mcc_generated_files/device_config.o
 .debug_abbrev  0x0000000000002f95      0x11e build/default/production/mcc_generated_files/delay.o
 .debug_abbrev  0x00000000000030b3      0x223 build/default/production/main.o

.debug_line     0x0000000000000000     0x26c1
 *(.debug_line .debug_line.* .debug_line_end)
 .debug_line    0x0000000000000000      0x187 C:/Program Files/Microchip/MPLABX/v5.50/packs/Microchip/ATmega_DFP/2.3.126/xc8/avr/lib/avrxmega3/crtatmega4809.o
 .debug_line    0x0000000000000187       0x66 build/default/production/mcc_generated_files/src/protected_io.o
 .debug_line    0x00000000000001ed      0x44d build/default/production/mcc_generated_files/src/usart1.o
 .debug_line    0x000000000000063a      0x89b build/default/production/mcc_generated_files/src/pin_manager.o
 .debug_line    0x0000000000000ed5      0x189 build/default/production/mcc_generated_files/src/cpuint.o
 .debug_line    0x000000000000105e      0x40b build/default/production/mcc_generated_files/src/tca0.o
 .debug_line    0x0000000000001469      0x35f build/default/production/mcc_generated_files/src/adc0.o
 .debug_line    0x00000000000017c8      0x369 build/default/production/mcc_generated_files/src/rtc.o
 .debug_line    0x0000000000001b31      0x281 build/default/production/mcc_generated_files/mcc.o
 .debug_line    0x0000000000001db2       0xee build/default/production/mcc_generated_files/device_config.o
 .debug_line    0x0000000000001ea0      0x12d build/default/production/mcc_generated_files/delay.o
 .debug_line    0x0000000000001fcd      0x6f4 build/default/production/main.o

.debug_frame    0x0000000000000000      0xfa8
 *(.debug_frame)
 .debug_frame   0x0000000000000000      0x210 build/default/production/mcc_generated_files/src/usart1.o
 .debug_frame   0x0000000000000210      0x4f8 build/default/production/mcc_generated_files/src/pin_manager.o
 .debug_frame   0x0000000000000708       0x24 build/default/production/mcc_generated_files/src/cpuint.o
 .debug_frame   0x000000000000072c      0x2c4 build/default/production/mcc_generated_files/src/tca0.o
 .debug_frame   0x00000000000009f0      0x18c build/default/production/mcc_generated_files/src/adc0.o
 .debug_frame   0x0000000000000b7c      0x1c4 build/default/production/mcc_generated_files/src/rtc.o
 .debug_frame   0x0000000000000d40       0x84 build/default/production/mcc_generated_files/mcc.o
 .debug_frame   0x0000000000000dc4       0x34 build/default/production/mcc_generated_files/delay.o
 .debug_frame   0x0000000000000df8      0x1b0 build/default/production/main.o

.debug_str      0x0000000000000000     0x1151
 *(.debug_str)
 .debug_str     0x0000000000000000      0xf85 C:/Program Files/Microchip/MPLABX/v5.50/packs/Microchip/ATmega_DFP/2.3.126/xc8/avr/lib/avrxmega3/crtatmega4809.o
 .debug_str     0x0000000000000f85        0x0 build/default/production/mcc_generated_files/src/usart1.o
 .debug_str     0x0000000000000f85       0x25 build/default/production/mcc_generated_files/src/pin_manager.o
 .debug_str     0x0000000000000faa       0x13 build/default/production/mcc_generated_files/src/cpuint.o
 .debug_str     0x0000000000000fbd       0x52 build/default/production/mcc_generated_files/src/tca0.o
 .debug_str     0x000000000000100f        0x8 build/default/production/mcc_generated_files/src/adc0.o
 .debug_str     0x0000000000001017        0x9 build/default/production/mcc_generated_files/src/rtc.o
 .debug_str     0x0000000000001020       0x93 build/default/production/mcc_generated_files/mcc.o
 .debug_str     0x00000000000010b3        0x0 build/default/production/mcc_generated_files/device_config.o
 .debug_str     0x00000000000010b3       0x26 build/default/production/mcc_generated_files/delay.o
 .debug_str     0x00000000000010d9       0x78 build/default/production/main.o

.debug_loc      0x0000000000000000      0x537
 *(.debug_loc)
 .debug_loc     0x0000000000000000      0x123 build/default/production/mcc_generated_files/src/usart1.o
 .debug_loc     0x0000000000000123       0x78 build/default/production/mcc_generated_files/src/pin_manager.o
 .debug_loc     0x000000000000019b       0x2a build/default/production/mcc_generated_files/src/cpuint.o
 .debug_loc     0x00000000000001c5       0xa2 build/default/production/mcc_generated_files/src/adc0.o
 .debug_loc     0x0000000000000267      0x172 build/default/production/mcc_generated_files/mcc.o
 .debug_loc     0x00000000000003d9      0x15e build/default/production/mcc_generated_files/delay.o

.debug_macinfo
 *(.debug_macinfo)

.debug_weaknames
 *(.debug_weaknames)

.debug_funcnames
 *(.debug_funcnames)

.debug_typenames
 *(.debug_typenames)

.debug_varnames
 *(.debug_varnames)

.debug_pubtypes
 *(.debug_pubtypes)

.debug_ranges   0x0000000000000000      0x598
 *(.debug_ranges)
 .debug_ranges  0x0000000000000000       0xb0 build/default/production/mcc_generated_files/src/usart1.o
 .debug_ranges  0x00000000000000b0      0x228 build/default/production/mcc_generated_files/src/pin_manager.o
 .debug_ranges  0x00000000000002d8       0x10 build/default/production/mcc_generated_files/src/cpuint.o
 .debug_ranges  0x00000000000002e8       0xd0 build/default/production/mcc_generated_files/src/tca0.o
 .debug_ranges  0x00000000000003b8       0x98 build/default/production/mcc_generated_files/src/adc0.o
 .debug_ranges  0x0000000000000450       0x98 build/default/production/mcc_generated_files/src/rtc.o
 .debug_ranges  0x00000000000004e8       0x38 build/default/production/mcc_generated_files/mcc.o
 .debug_ranges  0x0000000000000520       0x18 build/default/production/mcc_generated_files/delay.o
 .debug_ranges  0x0000000000000538       0x60 build/default/production/main.o

.debug_macro
 *(.debug_macro)
OUTPUT(dist/default/production/ATMEGA4809Test.X.production.elf elf32-avr)
LOAD linker stubs
LOAD data_init

.note.gnu.avr.deviceinfo
                0x0000000000000000       0x40
 .note.gnu.avr.deviceinfo
                0x0000000000000000       0x40 C:/Program Files/Microchip/MPLABX/v5.50/packs/Microchip/ATmega_DFP/2.3.126/xc8/avr/lib/avrxmega3/crtatmega4809.o

.bss.USART1_tx_elements
                0x000000000080299e        0x1
 .bss.USART1_tx_elements
                0x000000000080299e        0x1 build/default/production/mcc_generated_files/src/usart1.o

.bss.USART1_tx_tail
                0x000000000080299f        0x1
 .bss.USART1_tx_tail
                0x000000000080299f        0x1 build/default/production/mcc_generated_files/src/usart1.o

.bss.USART1_tx_head
                0x00000000008029a0        0x1
 .bss.USART1_tx_head
                0x00000000008029a0        0x1 build/default/production/mcc_generated_files/src/usart1.o

.bss.USART1_txbuf
                0x00000000008028a1       0x40
 .bss.USART1_txbuf
                0x00000000008028a1       0x40 build/default/production/mcc_generated_files/src/usart1.o

.bss.USART1_rx_elements
                0x00000000008029a1        0x1
 .bss.USART1_rx_elements
                0x00000000008029a1        0x1 build/default/production/mcc_generated_files/src/usart1.o

.bss.USART1_rx_tail
                0x00000000008029a2        0x1
 .bss.USART1_rx_tail
                0x00000000008029a2        0x1 build/default/production/mcc_generated_files/src/usart1.o

.bss.USART1_rx_head
                0x00000000008029a3        0x1
 .bss.USART1_rx_head
                0x00000000008029a3        0x1 build/default/production/mcc_generated_files/src/usart1.o

.bss.USART1_rxbuf
                0x00000000008028e1       0x40
 .bss.USART1_rxbuf
                0x00000000008028e1       0x40 build/default/production/mcc_generated_files/src/usart1.o

.bss.PORTB_RPI_RUN_InterruptHandler
                0x0000000000802972        0x2
 .bss.PORTB_RPI_RUN_InterruptHandler
                0x0000000000802972        0x2 build/default/production/mcc_generated_files/src/pin_manager.o

.bss.PORTF_PWR_BTN_InterruptHandler
                0x0000000000802974        0x2
 .bss.PORTF_PWR_BTN_InterruptHandler
                0x0000000000802974        0x2 build/default/production/mcc_generated_files/src/pin_manager.o

.bss.PORTB_IGN_SNS_InterruptHandler
                0x0000000000802976        0x2
 .bss.PORTB_IGN_SNS_InterruptHandler
                0x0000000000802976        0x2 build/default/production/mcc_generated_files/src/pin_manager.o

.bss.PORTF_IO_PF2_InterruptHandler
                0x0000000000802978        0x2
 .bss.PORTF_IO_PF2_InterruptHandler
                0x0000000000802978        0x2 build/default/production/mcc_generated_files/src/pin_manager.o

.bss.PORTF_LED_S_InterruptHandler
                0x000000000080297a        0x2
 .bss.PORTF_LED_S_InterruptHandler
                0x000000000080297a        0x2 build/default/production/mcc_generated_files/src/pin_manager.o

.bss.PORTF_IO_PF0_InterruptHandler
                0x000000000080297c        0x2
 .bss.PORTF_IO_PF0_InterruptHandler
                0x000000000080297c        0x2 build/default/production/mcc_generated_files/src/pin_manager.o

.bss.PORTF_IO_PF1_InterruptHandler
                0x000000000080297e        0x2
 .bss.PORTF_IO_PF1_InterruptHandler
                0x000000000080297e        0x2 build/default/production/mcc_generated_files/src/pin_manager.o

.bss.PORTB_KeyS_B_InterruptHandler
                0x0000000000802980        0x2
 .bss.PORTB_KeyS_B_InterruptHandler
                0x0000000000802980        0x2 build/default/production/mcc_generated_files/src/pin_manager.o

.bss.PORTB_BckConv_EN_InterruptHandler
                0x0000000000802982        0x2
 .bss.PORTB_BckConv_EN_InterruptHandler
                0x0000000000802982        0x2 build/default/production/mcc_generated_files/src/pin_manager.o

.bss.PORTB_KeyS_A_InterruptHandler
                0x0000000000802984        0x2
 .bss.PORTB_KeyS_A_InterruptHandler
                0x0000000000802984        0x2 build/default/production/mcc_generated_files/src/pin_manager.o

.bss.ADC0_window_cb
                0x000000000080298e        0x2
 .bss.ADC0_window_cb
                0x000000000080298e        0x2 build/default/production/mcc_generated_files/src/adc0.o
                0x000000000080298e                ADC0_window_cb

.bss.RTC_PIT_isr_cb
                0x0000000000802990        0x2
 .bss.RTC_PIT_isr_cb
                0x0000000000802990        0x2 build/default/production/mcc_generated_files/src/rtc.o
                0x0000000000802990                RTC_PIT_isr_cb

.bss.RTC_CMP_isr_cb
                0x0000000000802992        0x2
 .bss.RTC_CMP_isr_cb
                0x0000000000802992        0x2 build/default/production/mcc_generated_files/src/rtc.o
                0x0000000000802992                RTC_CMP_isr_cb

.bss.RTC_OVF_isr_cb
                0x0000000000802994        0x2
 .bss.RTC_OVF_isr_cb
                0x0000000000802994        0x2 build/default/production/mcc_generated_files/src/rtc.o
                0x0000000000802994                RTC_OVF_isr_cb

.bss.display_str_len
                0x00000000008029a4        0x1
 .bss.display_str_len
                0x00000000008029a4        0x1 build/default/production/main.o
                0x00000000008029a4                display_str_len

.progmemx.data  0x000000000000012c       0x3b
 .progmemx.data
                0x000000000000012c       0x3b c:/program files/microchip/xc8/v2.32/avr/bin/../lib/gcc/avr/5.4.0/../../../../avr/lib/avrxmega3\libc.a(asctime_r.o)
                0x000000000000012c                ascdays
                0x0000000000000142                ascmonths

.data.display_shift_dir
                0x00000000008029a5        0x1 load address 0x0000000000000167
 .data.display_shift_dir
                0x00000000008029a5        0x1 build/default/production/main.o
                0x00000000008029a5                display_shift_dir

.text.main      0x0000000000000168      0x7dc
 .text.main     0x0000000000000168      0x7dc build/default/production/main.o
                0x0000000000000168                main

.text.avrlibc   0x0000000000000944      0x3c2
 .text.avrlibc  0x0000000000000944      0x3c2 c:/program files/microchip/xc8/v2.32/avr/bin/../lib/gcc/avr/5.4.0/../../../../avr/lib/avrxmega3\libc.a(vfprintf_std.o)
                0x0000000000000944                vfprintf

.text.handle_LED
                0x0000000000000d06      0x26e
 .text.handle_LED
                0x0000000000000d06      0x26e build/default/production/main.o
                0x0000000000000d06                handle_LED

.text           0x0000000000000f74      0x18e
 .text          0x0000000000000f74      0x18e c:/program files/microchip/xc8/v2.32/avr/bin/../lib/gcc/avr/5.4.0/../../../../avr/lib/avrxmega3\libc.a(gmtime_r.o)
                0x0000000000000f74                gmtime_r

.text.PIN_MANAGER_Initialize
                0x0000000000001102      0x17a
 .text.PIN_MANAGER_Initialize
                0x0000000000001102      0x17a build/default/production/mcc_generated_files/src/pin_manager.o
                0x0000000000001102                PIN_MANAGER_Initialize

.text.setup_LED
                0x000000000000127c      0x122
 .text.setup_LED
                0x000000000000127c      0x122 build/default/production/main.o
                0x000000000000127c                setup_LED

.text           0x000000000000139e       0xfc
 .text          0x000000000000139e       0xfc c:/program files/microchip/xc8/v2.32/avr/bin/../lib/gcc/avr/5.4.0/../../../../avr/lib/avrxmega3\libc.a(asctime_r.o)
                0x000000000000139e                asctime_r

.rodata         0x000000000080549a       0xe3 load address 0x000000000000149a
 .rodata        0x000000000080549a       0xe3 build/default/production/main.o

.data.brightness_factor
                0x00000000008029a6        0x1 load address 0x000000000000157d
 .data.brightness_factor
                0x00000000008029a6        0x1 build/default/production/main.o
                0x00000000008029a6                brightness_factor

.text.avrlibc.fplib
                0x000000000000157e       0xde
 .text.avrlibc.fplib
                0x000000000000157e       0xde c:/program files/microchip/xc8/v2.32/avr/bin/../lib/gcc/avr/5.4.0/../../../../avr/lib/avrxmega3\libm.a(divsf3x.o)
                0x000000000000157e                __divsf3x
                0x00000000000015a6                __divsf3_pse

.text.init      0x000000000000165c       0xdc
 .text.init     0x000000000000165c       0xdc build/default/production/main.o
                0x000000000000165c                init

.text.avrlibc.fplib
                0x0000000000001738       0xce
 .text.avrlibc.fplib
                0x0000000000001738       0xce c:/program files/microchip/xc8/v2.32/avr/bin/../lib/gcc/avr/5.4.0/../../../../avr/lib/avrxmega3\libm.a(addsf3x.o)
                0x0000000000001738                __addsf3x

.text.avrlibc   0x0000000000001806       0xbc
 .text.avrlibc  0x0000000000001806       0xbc c:/program files/microchip/xc8/v2.32/avr/bin/../lib/gcc/avr/5.4.0/../../../../avr/lib/avrxmega3\libc.a(ultoa_invert.o)
                0x0000000000001806                __ultoa_invert

.text.UART_ReadLine
                0x00000000000018c2       0xa4
 .text.UART_ReadLine
                0x00000000000018c2       0xa4 build/default/production/main.o
                0x00000000000018c2                UART_ReadLine

.text.__vector_29
                0x0000000000001966       0x8e
 .text.__vector_29
                0x0000000000001966       0x8e build/default/production/mcc_generated_files/src/pin_manager.o
                0x0000000000001966                __vector_29

.text.__vector_34
                0x00000000000019f4       0x8e
 .text.__vector_34
                0x00000000000019f4       0x8e build/default/production/mcc_generated_files/src/pin_manager.o
                0x00000000000019f4                __vector_34

.text.avrlibc   0x0000000000001a82       0x80
 .text.avrlibc  0x0000000000001a82       0x80 c:/program files/microchip/xc8/v2.32/avr/bin/../lib/gcc/avr/5.4.0/../../../../avr/lib/avrxmega3\libc.a(puts.o)
                0x0000000000001a82                puts

.text           0x0000000000001b02       0x80
 .text          0x0000000000001b02       0x80 c:/program files/microchip/xc8/v2.32/avr/bin/../lib/gcc/avr/5.4.0/../../../../avr/lib/avrxmega3\libc.a(localtime_r.o)
                0x0000000000001b02                localtime_r

.text.avrlibc.fplib
                0x0000000000001b82       0x7a
 .text.avrlibc.fplib
                0x0000000000001b82       0x7a c:/program files/microchip/xc8/v2.32/avr/bin/../lib/gcc/avr/5.4.0/../../../../avr/lib/avrxmega3\libm.a(floatsisf.o)
                0x0000000000001b82                __floatunsisf
                0x0000000000001b86                __floatsisf

.text.avrlibc   0x0000000000001bfc       0x78
 .text.avrlibc  0x0000000000001bfc       0x78 c:/program files/microchip/xc8/v2.32/avr/bin/../lib/gcc/avr/5.4.0/../../../../avr/lib/avrxmega3\libc.a(fputc.o)
                0x0000000000001bfc                fputc

.text.__vector_3
                0x0000000000001c74       0x76
 .text.__vector_3
                0x0000000000001c74       0x76 build/default/production/mcc_generated_files/src/rtc.o
                0x0000000000001c74                __vector_3

.text.PORT_Initialize
                0x0000000000001cea       0x6e
 .text.PORT_Initialize
                0x0000000000001cea       0x6e build/default/production/mcc_generated_files/src/pin_manager.o
                0x0000000000001cea                PORT_Initialize

.text.avrlibc.fplib
                0x0000000000001d58       0x5e
 .text.avrlibc.fplib
                0x0000000000001d58       0x5e c:/program files/microchip/xc8/v2.32/avr/bin/../lib/gcc/avr/5.4.0/../../../../avr/lib/avrxmega3\libm.a(fixunssfsi.o)
                0x0000000000001d58                __fixunssfsi

.text.handle_RTC_overflow
                0x0000000000001db6       0x5c
 .text.handle_RTC_overflow
                0x0000000000001db6       0x5c build/default/production/main.o
                0x0000000000001db6                handle_RTC_overflow

.text.__vector_9
                0x0000000000001e12       0x58
 .text.__vector_9
                0x0000000000001e12       0x58 build/default/production/mcc_generated_files/src/tca0.o
                0x0000000000001e12                __vector_9

.text.__vector_10
                0x0000000000001e6a       0x58
 .text.__vector_10
                0x0000000000001e6a       0x58 build/default/production/mcc_generated_files/src/tca0.o
                0x0000000000001e6a                __vector_10

.text.__vector_11
                0x0000000000001ec2       0x58
 .text.__vector_11
                0x0000000000001ec2       0x58 build/default/production/mcc_generated_files/src/tca0.o
                0x0000000000001ec2                __vector_11

.text.__vector_7
                0x0000000000001f1a       0x58
 .text.__vector_7
                0x0000000000001f1a       0x58 build/default/production/mcc_generated_files/src/tca0.o
                0x0000000000001f1a                __vector_7

.text.__vector_23
                0x0000000000001f72       0x58
 .text.__vector_23
                0x0000000000001f72       0x58 build/default/production/mcc_generated_files/src/adc0.o
                0x0000000000001f72                __vector_23

.text.__vector_4
                0x0000000000001fca       0x58
 .text.__vector_4
                0x0000000000001fca       0x58 build/default/production/mcc_generated_files/src/rtc.o
                0x0000000000001fca                __vector_4

.text.__vector_26
                0x0000000000002022       0x52
 .text.__vector_26
                0x0000000000002022       0x52 build/default/production/mcc_generated_files/src/usart1.o
                0x0000000000002022                __vector_26

.text.__vector_27
                0x0000000000002074       0x52
 .text.__vector_27
                0x0000000000002074       0x52 build/default/production/mcc_generated_files/src/usart1.o
                0x0000000000002074                __vector_27

.text.avrlibc   0x00000000000020c6       0x4e
 .text.avrlibc  0x00000000000020c6       0x4e c:/program files/microchip/xc8/v2.32/avr/bin/../lib/gcc/avr/5.4.0/../../../../avr/lib/avrxmega3\libc.a(atol.o)
                0x00000000000020c6                atol

.text.CLKCTRL_Initialize
                0x0000000000002114       0x4c
 .text.CLKCTRL_Initialize
                0x0000000000002114       0x4c build/default/production/mcc_generated_files/mcc.o
                0x0000000000002114                CLKCTRL_Initialize

.text.USART1_Initialize
                0x0000000000002160       0x46
 .text.USART1_Initialize
                0x0000000000002160       0x46 build/default/production/mcc_generated_files/src/usart1.o
                0x0000000000002160                USART1_Initialize

.text.handle_PWR_BTN_Press
                0x00000000000021a6       0x46
 .text.handle_PWR_BTN_Press
                0x00000000000021a6       0x46 build/default/production/main.o
                0x00000000000021a6                handle_PWR_BTN_Press

.text.avrlibc.fplib
                0x00000000000021ec       0x44
 .text.avrlibc.fplib
                0x00000000000021ec       0x44 c:/program files/microchip/xc8/v2.32/avr/bin/../lib/gcc/avr/5.4.0/../../../../avr/lib/avrxmega3\libm.a(fp_split3.o)
                0x00000000000021ec                __fp_split3
                0x00000000000021fc                __fp_splitA

.text.libgcc.div
                0x0000000000002230       0x44
 .text.libgcc.div
                0x0000000000002230       0x44 c:/program files/microchip/xc8/v2.32/avr/bin/../lib/gcc/avr/5.4.0/avrxmega3\libgcc.a(_udivmodsi4.o)
                0x0000000000002230                __udivmodsi4

.text.USART1_DefaultTxIsrCb
                0x0000000000002274       0x3e
 .text.USART1_DefaultTxIsrCb
                0x0000000000002274       0x3e build/default/production/mcc_generated_files/src/usart1.o
                0x0000000000002274                USART1_DefaultTxIsrCb

.text.USART1_Write
                0x00000000000022b2       0x3e
 .text.USART1_Write
                0x00000000000022b2       0x3e build/default/production/mcc_generated_files/src/usart1.o
                0x00000000000022b2                USART1_Write

.text.TCA0_Initialize
                0x00000000000022f0       0x3e
 .text.TCA0_Initialize
                0x00000000000022f0       0x3e build/default/production/mcc_generated_files/src/tca0.o
                0x00000000000022f0                TCA0_Initialize

.text.handle_IGN_SNS_change
                0x000000000000232e       0x3e
 .text.handle_IGN_SNS_change
                0x000000000000232e       0x3e build/default/production/main.o
                0x000000000000232e                handle_IGN_SNS_change

.text.RTC_Initialize
                0x000000000000236c       0x38
 .text.RTC_Initialize
                0x000000000000236c       0x38 build/default/production/mcc_generated_files/src/rtc.o
                0x000000000000236c                RTC_Initialize

.text           0x00000000000023a4       0x38
 .text          0x00000000000023a4       0x38 c:/program files/microchip/xc8/v2.32/avr/bin/../lib/gcc/avr/5.4.0/../../../../avr/lib/avrxmega3\libc.a(system_tick.o)
                0x00000000000023a4                system_tick

.text.handle_KeyS_A_change
                0x00000000000023dc       0x36
 .text.handle_KeyS_A_change
                0x00000000000023dc       0x36 build/default/production/main.o
                0x00000000000023dc                handle_KeyS_A_change

.text.handle_KeyS_B_change
                0x0000000000002412       0x36
 .text.handle_KeyS_B_change
                0x0000000000002412       0x36 build/default/production/main.o
                0x0000000000002412                handle_KeyS_B_change

.text           0x0000000000002448       0x36
 .text          0x0000000000002448       0x36 c:/program files/microchip/xc8/v2.32/avr/bin/../lib/gcc/avr/5.4.0/../../../../avr/lib/avrxmega3\libc.a(ctime.o)
                0x0000000000002448                ctime

.text.USART1_Read
                0x000000000000247e       0x32
 .text.USART1_Read
                0x000000000000247e       0x32 build/default/production/mcc_generated_files/src/usart1.o
                0x000000000000247e                USART1_Read

.text.libgcc.prologue
                0x00000000000024b0       0x32
 .text.libgcc.prologue
                0x00000000000024b0       0x32 c:/program files/microchip/xc8/v2.32/avr/bin/../lib/gcc/avr/5.4.0/avrxmega3\libgcc.a(_prologue.o)
                0x00000000000024b0                __prologue_saves__

.text.DELAY_microseconds
                0x00000000000024e2       0x30
 .text.DELAY_microseconds
                0x00000000000024e2       0x30 build/default/production/mcc_generated_files/delay.o
                0x00000000000024e2                DELAY_microseconds

.text.avrlibc   0x0000000000002512       0x30
 .text.avrlibc  0x0000000000002512       0x30 c:/program files/microchip/xc8/v2.32/avr/bin/../lib/gcc/avr/5.4.0/../../../../avr/lib/avrxmega3\libc.a(strsep.o)
                0x0000000000002512                strsep

.text.libgcc.prologue
                0x0000000000002542       0x30
 .text.libgcc.prologue
                0x0000000000002542       0x30 c:/program files/microchip/xc8/v2.32/avr/bin/../lib/gcc/avr/5.4.0/avrxmega3\libgcc.a(_epilogue.o)
                0x0000000000002542                __epilogue_restores__

.text.libgcc.div
                0x0000000000002572       0x2e
 .text.libgcc.div
                0x0000000000002572       0x2e c:/program files/microchip/xc8/v2.32/avr/bin/../lib/gcc/avr/5.4.0/avrxmega3\libgcc.a(_divmodsi4.o)
                0x0000000000002572                __divmodsi4

.text.USART1_DefaultRxIsrCb
                0x00000000000025a0       0x2c
 .text.USART1_DefaultRxIsrCb
                0x00000000000025a0       0x2c build/default/production/mcc_generated_files/src/usart1.o
                0x00000000000025a0                USART1_DefaultRxIsrCb

.text.avrlibc   0x00000000000025cc       0x2c
 .text.avrlibc  0x00000000000025cc       0x2c c:/program files/microchip/xc8/v2.32/avr/bin/../lib/gcc/avr/5.4.0/../../../../avr/lib/avrxmega3\libc.a(printf.o)
                0x00000000000025cc                printf

.text.__vector_28
                0x00000000000025f8       0x2a
 .text.__vector_28
                0x00000000000025f8       0x2a build/default/production/mcc_generated_files/src/usart1.o
                0x00000000000025f8                __vector_28

.text.ADC0_Initialize
                0x0000000000002622       0x2a
 .text.ADC0_Initialize
                0x0000000000002622       0x2a build/default/production/mcc_generated_files/src/adc0.o
                0x0000000000002622                ADC0_Initialize

.text.SYSTEM_Initialize
                0x000000000000264c       0x2a
 .text.SYSTEM_Initialize
                0x000000000000264c       0x2a build/default/production/mcc_generated_files/mcc.o
                0x000000000000264c                SYSTEM_Initialize

.text.avrlibc   0x0000000000002676       0x2a
 .text.avrlibc  0x0000000000002676       0x2a c:/program files/microchip/xc8/v2.32/avr/bin/../lib/gcc/avr/5.4.0/../../../../avr/lib/avrxmega3\libc.a(mulsi10.o)
                0x0000000000002676                __mulsi_const_10

.text           0x00000000000026a0       0x2a
 .text          0x00000000000026a0       0x2a c:/program files/microchip/xc8/v2.32/avr/bin/../lib/gcc/avr/5.4.0/../../../../avr/lib/avrxmega3\libc.a(ctime_r.o)
                0x00000000000026a0                ctime_r

.text.libgcc.div
                0x00000000000026ca       0x28
 .text.libgcc.div
                0x00000000000026ca       0x28 c:/program files/microchip/xc8/v2.32/avr/bin/../lib/gcc/avr/5.4.0/avrxmega3\libgcc.a(_udivmodhi4.o)
                0x00000000000026ca                __udivmodhi4

.text.libgcc.div
                0x00000000000026f2       0x28
 .text.libgcc.div
                0x00000000000026f2       0x28 c:/program files/microchip/xc8/v2.32/avr/bin/../lib/gcc/avr/5.4.0/avrxmega3\libgcc.a(_divmodhi4.o)
                0x00000000000026f2                _div
                0x00000000000026f2                __divmodhi4

.text           0x000000000000271a       0x24
 .text          0x000000000000271a       0x24 c:/program files/microchip/xc8/v2.32/avr/bin/../lib/gcc/avr/5.4.0/../../../../avr/lib/avrxmega3\libc.a(print_lz.o)
                0x000000000000271a                __print_lz

.text.avrlibc.fplib
                0x000000000000273e       0x22
 .text.avrlibc.fplib
                0x000000000000273e       0x22 c:/program files/microchip/xc8/v2.32/avr/bin/../lib/gcc/avr/5.4.0/../../../../avr/lib/avrxmega3\libm.a(fp_round.o)
                0x000000000000273e                __fp_round

.text           0x0000000000002760       0x22
 .text          0x0000000000002760       0x22 c:/program files/microchip/xc8/v2.32/avr/bin/../lib/gcc/avr/5.4.0/../../../../avr/lib/avrxmega3\libc.a(time.o)
                0x0000000000002760                time

.text.ADC0_GetConversion
                0x0000000000002782       0x20
 .text.ADC0_GetConversion
                0x0000000000002782       0x20 build/default/production/mcc_generated_files/src/adc0.o
                0x0000000000002782                ADC0_GetConversion

.text.__vector_22
                0x00000000000027a2       0x1e
 .text.__vector_22
                0x00000000000027a2       0x1e build/default/production/mcc_generated_files/src/adc0.o
                0x00000000000027a2                __vector_22

.text.__vector_2
                0x00000000000027c0       0x1e
 .text.__vector_2
                0x00000000000027c0       0x1e build/default/production/mcc_generated_files/mcc.o
                0x00000000000027c0                __vector_2

.text.libgcc.mul
                0x00000000000027de       0x1e
 .text.libgcc.mul
                0x00000000000027de       0x1e c:/program files/microchip/xc8/v2.32/avr/bin/../lib/gcc/avr/5.4.0/avrxmega3\libgcc.a(_umulhisi3.o)
                0x00000000000027de                __umulhisi3

.text.CPUINT_Initialize
                0x00000000000027fc       0x1a
 .text.CPUINT_Initialize
                0x00000000000027fc       0x1a build/default/production/mcc_generated_files/src/cpuint.o
                0x00000000000027fc                CPUINT_Initialize

.text.BOD_Initialize
                0x0000000000002816       0x18
 .text.BOD_Initialize
                0x0000000000002816       0x18 build/default/production/mcc_generated_files/mcc.o
                0x0000000000002816                BOD_Initialize

.text.DELAY_milliseconds
                0x000000000000282e       0x16
 .text.DELAY_milliseconds
                0x000000000000282e       0x16 build/default/production/mcc_generated_files/delay.o
                0x000000000000282e                DELAY_milliseconds

.text.avrlibc   0x0000000000002844       0x16
 .text.avrlibc  0x0000000000002844       0x16 c:/program files/microchip/xc8/v2.32/avr/bin/../lib/gcc/avr/5.4.0/../../../../avr/lib/avrxmega3\libc.a(strnlen_P.o)
                0x0000000000002844                strnlen_P

.text.avrlibc   0x000000000000285a       0x16
 .text.avrlibc  0x000000000000285a       0x16 c:/program files/microchip/xc8/v2.32/avr/bin/../lib/gcc/avr/5.4.0/../../../../avr/lib/avrxmega3\libc.a(strnlen.o)
                0x000000000000285a                strnlen

.text.handle_RTC_compare
                0x0000000000002870       0x14
 .text.handle_RTC_compare
                0x0000000000002870       0x14 build/default/production/main.o
                0x0000000000002870                handle_RTC_compare

.text           0x0000000000002884       0x14
 .text          0x0000000000002884       0x14 c:/program files/microchip/xc8/v2.32/avr/bin/../lib/gcc/avr/5.4.0/../../../../avr/lib/avrxmega3\libc.a(set_system_time.o)
                0x0000000000002884                set_system_time

.text.avrlibc   0x0000000000002898       0x12
 .text.avrlibc  0x0000000000002898       0x12 c:/program files/microchip/xc8/v2.32/avr/bin/../lib/gcc/avr/5.4.0/../../../../avr/lib/avrxmega3\libc.a(strcmp.o)
                0x0000000000002898                strcmp

.text.SLPCTRL_Initialize
                0x00000000000028aa       0x10
 .text.SLPCTRL_Initialize
                0x00000000000028aa       0x10 build/default/production/mcc_generated_files/mcc.o
                0x00000000000028aa                SLPCTRL_Initialize

.text.WDT_Initialize
                0x00000000000028ba       0x10
 .text.WDT_Initialize
                0x00000000000028ba       0x10 build/default/production/mcc_generated_files/mcc.o
                0x00000000000028ba                WDT_Initialize

.text.libgcc.div
                0x00000000000028ca       0x10
 .text.libgcc.div
                0x00000000000028ca       0x10 c:/program files/microchip/xc8/v2.32/avr/bin/../lib/gcc/avr/5.4.0/avrxmega3\libgcc.a(_negsi2.o)
                0x00000000000028ca                __negsi2

.text.USART1_IsRxReady
                0x00000000000028da        0xe
 .text.USART1_IsRxReady
                0x00000000000028da        0xe build/default/production/mcc_generated_files/src/usart1.o
                0x00000000000028da                USART1_IsRxReady

.text.avrlibc.fplib
                0x00000000000028e8        0xe
 .text.avrlibc.fplib
                0x00000000000028e8        0xe c:/program files/microchip/xc8/v2.32/avr/bin/../lib/gcc/avr/5.4.0/../../../../avr/lib/avrxmega3\libm.a(addsf3.o)
                0x00000000000028e8                __subsf3
                0x00000000000028ea                __addsf3

.text.avrlibc.fplib
                0x00000000000028f6        0xe
 .text.avrlibc.fplib
                0x00000000000028f6        0xe c:/program files/microchip/xc8/v2.32/avr/bin/../lib/gcc/avr/5.4.0/../../../../avr/lib/avrxmega3\libm.a(fp_pscA.o)
                0x00000000000028f6                __fp_pscA

.text.avrlibc.fplib
                0x0000000000002904        0xe
 .text.avrlibc.fplib
                0x0000000000002904        0xe c:/program files/microchip/xc8/v2.32/avr/bin/../lib/gcc/avr/5.4.0/../../../../avr/lib/avrxmega3\libm.a(fp_pscB.o)
                0x0000000000002904                __fp_pscB

.text.avrlibc.fplib
                0x0000000000002912        0xe
 .text.avrlibc.fplib
                0x0000000000002912        0xe c:/program files/microchip/xc8/v2.32/avr/bin/../lib/gcc/avr/5.4.0/../../../../avr/lib/avrxmega3\libm.a(fp_zero.o)
                0x0000000000002912                __fp_zero
                0x0000000000002914                __fp_szero

.text           0x0000000000002920        0xe
 .text          0x0000000000002920        0xe c:/program files/microchip/xc8/v2.32/avr/bin/../lib/gcc/avr/5.4.0/../../../../avr/lib/avrxmega3\libc.a(localtime.o)
                0x0000000000002920                localtime

.text.RTC_EnableCMPInterrupt
                0x000000000000292e        0xc
 .text.RTC_EnableCMPInterrupt
                0x000000000000292e        0xc build/default/production/mcc_generated_files/src/rtc.o
                0x000000000000292e                RTC_EnableCMPInterrupt

.text.RTC_EnableOVFInterrupt
                0x000000000000293a        0xc
 .text.RTC_EnableOVFInterrupt
                0x000000000000293a        0xc build/default/production/mcc_generated_files/src/rtc.o
                0x000000000000293a                RTC_EnableOVFInterrupt

.text.avrlibc.fplib
                0x0000000000002946        0xc
 .text.avrlibc.fplib
                0x0000000000002946        0xc c:/program files/microchip/xc8/v2.32/avr/bin/../lib/gcc/avr/5.4.0/../../../../avr/lib/avrxmega3\libm.a(fp_inf.o)
                0x0000000000002946                __fp_inf

.text.USART1_printCHAR
                0x0000000000002952        0xa
 .text.USART1_printCHAR
                0x0000000000002952        0xa build/default/production/mcc_generated_files/src/usart1.o
                0x0000000000002952                USART1_printCHAR

.text.PORTB_KeyS_A_SetInterruptHandler
                0x000000000000295c        0xa
 .text.PORTB_KeyS_A_SetInterruptHandler
                0x000000000000295c        0xa build/default/production/mcc_generated_files/src/pin_manager.o
                0x000000000000295c                PORTB_KeyS_A_SetInterruptHandler

.text.PORTB_KeyS_B_SetInterruptHandler
                0x0000000000002966        0xa
 .text.PORTB_KeyS_B_SetInterruptHandler
                0x0000000000002966        0xa build/default/production/mcc_generated_files/src/pin_manager.o
                0x0000000000002966                PORTB_KeyS_B_SetInterruptHandler

.text.PORTB_IGN_SNS_SetInterruptHandler
                0x0000000000002970        0xa
 .text.PORTB_IGN_SNS_SetInterruptHandler
                0x0000000000002970        0xa build/default/production/mcc_generated_files/src/pin_manager.o
                0x0000000000002970                PORTB_IGN_SNS_SetInterruptHandler

.text.PORTF_PWR_BTN_SetInterruptHandler
                0x000000000000297a        0xa
 .text.PORTF_PWR_BTN_SetInterruptHandler
                0x000000000000297a        0xa build/default/production/mcc_generated_files/src/pin_manager.o
                0x000000000000297a                PORTF_PWR_BTN_SetInterruptHandler

.text.RTC_SetOVFIsrCallback
                0x0000000000002984        0xa
 .text.RTC_SetOVFIsrCallback
                0x0000000000002984        0xa build/default/production/mcc_generated_files/src/rtc.o
                0x0000000000002984                RTC_SetOVFIsrCallback

.text.RTC_SetCMPIsrCallback
                0x000000000000298e        0xa
 .text.RTC_SetCMPIsrCallback
                0x000000000000298e        0xa build/default/production/mcc_generated_files/src/rtc.o
                0x000000000000298e                RTC_SetCMPIsrCallback

.text.RTC_ReadCounter
                0x0000000000002998        0xa
 .text.RTC_ReadCounter
                0x0000000000002998        0xa build/default/production/mcc_generated_files/src/rtc.o
                0x0000000000002998                RTC_ReadCounter

.text           0x00000000000029a2        0xa
 .text          0x00000000000029a2        0xa c:/program files/microchip/xc8/v2.32/avr/bin/../lib/gcc/avr/5.4.0/../../../../avr/lib/avrxmega3\libc.a(difftime.o)
                0x00000000000029a2                difftime

.text.protected_write_io
                0x00000000000029ac        0x8
 .text.protected_write_io
                0x00000000000029ac        0x8 build/default/production/mcc_generated_files/src/protected_io.o
                0x00000000000029ac                protected_write_io

.text.ADC0_IsConversionDone
                0x00000000000029b4        0x8
 .text.ADC0_IsConversionDone
                0x00000000000029b4        0x8 build/default/production/mcc_generated_files/src/adc0.o
                0x00000000000029b4                ADC0_IsConversionDone

.text.avrlibc.fplib
                0x00000000000029bc        0x8
 .text.avrlibc.fplib
                0x00000000000029bc        0x8 c:/program files/microchip/xc8/v2.32/avr/bin/../lib/gcc/avr/5.4.0/../../../../avr/lib/avrxmega3\libm.a(divsf3.o)
                0x00000000000029bc                __divsf3

.text.avrlibc   0x00000000000029c4        0x8
 .text.avrlibc  0x00000000000029c4        0x8 c:/program files/microchip/xc8/v2.32/avr/bin/../lib/gcc/avr/5.4.0/../../../../avr/lib/avrxmega3\libc.a(atoi_M.o)
                0x00000000000029c4                atoi

.text.avrlibc.fplib
                0x00000000000029cc        0x6
 .text.avrlibc.fplib
                0x00000000000029cc        0x6 c:/program files/microchip/xc8/v2.32/avr/bin/../lib/gcc/avr/5.4.0/../../../../avr/lib/avrxmega3\libm.a(fp_nan.o)
                0x00000000000029cc                __fp_nan

.text           0x00000000000029d2        0x4
 .text          0x00000000000029d2        0x4 C:/Program Files/Microchip/MPLABX/v5.50/packs/Microchip/ATmega_DFP/2.3.126/xc8/avr/lib/avrxmega3/crtatmega4809.o
                0x00000000000029d2                __vector_38
                0x00000000000029d2                __vector_1
                0x00000000000029d2                __vector_32
                0x00000000000029d2                __vector_24
                0x00000000000029d2                __vector_12
                0x00000000000029d2                __bad_interrupt
                0x00000000000029d2                __vector_6
                0x00000000000029d2                __vector_31
                0x00000000000029d2                __vector_35
                0x00000000000029d2                __vector_39
                0x00000000000029d2                __vector_30
                0x00000000000029d2                __vector_25
                0x00000000000029d2                __vector_13
                0x00000000000029d2                __vector_17
                0x00000000000029d2                __vector_19
                0x00000000000029d2                __vector_5
                0x00000000000029d2                __vector_33
                0x00000000000029d2                __vector_37
                0x00000000000029d2                __vector_21
                0x00000000000029d2                __vector_15
                0x00000000000029d2                __vector_36
                0x00000000000029d2                __vector_8
                0x00000000000029d2                __vector_14
                0x00000000000029d2                __vector_16
                0x00000000000029d2                __vector_18
                0x00000000000029d2                __vector_20

.text.PORTB_KeyS_A_DefaultInterruptHandler
                0x00000000000029d6        0x2
 .text.PORTB_KeyS_A_DefaultInterruptHandler
                0x00000000000029d6        0x2 build/default/production/mcc_generated_files/src/pin_manager.o
                0x00000000000029d6                PORTB_KeyS_A_DefaultInterruptHandler

.text.PORTB_BckConv_EN_DefaultInterruptHandler
                0x00000000000029d8        0x2
 .text.PORTB_BckConv_EN_DefaultInterruptHandler
                0x00000000000029d8        0x2 build/default/production/mcc_generated_files/src/pin_manager.o
                0x00000000000029d8                PORTB_BckConv_EN_DefaultInterruptHandler

.text.PORTB_KeyS_B_DefaultInterruptHandler
                0x00000000000029da        0x2
 .text.PORTB_KeyS_B_DefaultInterruptHandler
                0x00000000000029da        0x2 build/default/production/mcc_generated_files/src/pin_manager.o
                0x00000000000029da                PORTB_KeyS_B_DefaultInterruptHandler

.text.PORTF_IO_PF1_DefaultInterruptHandler
                0x00000000000029dc        0x2
 .text.PORTF_IO_PF1_DefaultInterruptHandler
                0x00000000000029dc        0x2 build/default/production/mcc_generated_files/src/pin_manager.o
                0x00000000000029dc                PORTF_IO_PF1_DefaultInterruptHandler

.text.PORTF_IO_PF0_DefaultInterruptHandler
                0x00000000000029de        0x2
 .text.PORTF_IO_PF0_DefaultInterruptHandler
                0x00000000000029de        0x2 build/default/production/mcc_generated_files/src/pin_manager.o
                0x00000000000029de                PORTF_IO_PF0_DefaultInterruptHandler

.text.PORTF_LED_S_DefaultInterruptHandler
                0x00000000000029e0        0x2
 .text.PORTF_LED_S_DefaultInterruptHandler
                0x00000000000029e0        0x2 build/default/production/mcc_generated_files/src/pin_manager.o
                0x00000000000029e0                PORTF_LED_S_DefaultInterruptHandler

.text.PORTF_IO_PF2_DefaultInterruptHandler
                0x00000000000029e2        0x2
 .text.PORTF_IO_PF2_DefaultInterruptHandler
                0x00000000000029e2        0x2 build/default/production/mcc_generated_files/src/pin_manager.o
                0x00000000000029e2                PORTF_IO_PF2_DefaultInterruptHandler

.text.PORTB_IGN_SNS_DefaultInterruptHandler
                0x00000000000029e4        0x2
 .text.PORTB_IGN_SNS_DefaultInterruptHandler
                0x00000000000029e4        0x2 build/default/production/mcc_generated_files/src/pin_manager.o
                0x00000000000029e4                PORTB_IGN_SNS_DefaultInterruptHandler

.text.PORTF_PWR_BTN_DefaultInterruptHandler
                0x00000000000029e6        0x2
 .text.PORTF_PWR_BTN_DefaultInterruptHandler
                0x00000000000029e6        0x2 build/default/production/mcc_generated_files/src/pin_manager.o
                0x00000000000029e6                PORTF_PWR_BTN_DefaultInterruptHandler

.text.PORTB_RPI_RUN_DefaultInterruptHandler
                0x00000000000029e8        0x2
 .text.PORTB_RPI_RUN_DefaultInterruptHandler
                0x00000000000029e8        0x2 build/default/production/mcc_generated_files/src/pin_manager.o
                0x00000000000029e8                PORTB_RPI_RUN_DefaultInterruptHandler

.text.TCA0_DefaultCMP0IsrCallback
                0x00000000000029ea        0x2
 .text.TCA0_DefaultCMP0IsrCallback
                0x00000000000029ea        0x2 build/default/production/mcc_generated_files/src/tca0.o
                0x00000000000029ea                TCA0_DefaultCMP0IsrCallback

.text.TCA0_DefaultCMP1IsrCallback
                0x00000000000029ec        0x2
 .text.TCA0_DefaultCMP1IsrCallback
                0x00000000000029ec        0x2 build/default/production/mcc_generated_files/src/tca0.o
                0x00000000000029ec                TCA0_DefaultCMP1IsrCallback

.text.TCA0_DefaultCMP2IsrCallback
                0x00000000000029ee        0x2
 .text.TCA0_DefaultCMP2IsrCallback
                0x00000000000029ee        0x2 build/default/production/mcc_generated_files/src/tca0.o
                0x00000000000029ee                TCA0_DefaultCMP2IsrCallback

.text.TCA0_DefaultOVFIsrCallback
                0x00000000000029f0        0x2
 .text.TCA0_DefaultOVFIsrCallback
                0x00000000000029f0        0x2 build/default/production/mcc_generated_files/src/tca0.o
                0x00000000000029f0                TCA0_DefaultOVFIsrCallback

.data.display_array
                0x0000000000802921       0x18 load address 0x00000000000029f2
 .data.display_array
                0x0000000000802921       0x18 build/default/production/main.o
                0x0000000000802921                display_array

.data.USART1_stream
                0x0000000000802939        0xe load address 0x0000000000002a0a
 .data.USART1_stream
                0x0000000000802939        0xe build/default/production/mcc_generated_files/src/usart1.o
                0x0000000000802939                USART1_stream

.data.sig_str_cmp_vals
                0x0000000000802947        0xb load address 0x0000000000002a18
 .data.sig_str_cmp_vals
                0x0000000000802947        0xb build/default/production/main.o
                0x0000000000802947                sig_str_cmp_vals

.data.LED_R     0x0000000000802952        0x7 load address 0x0000000000002a23
 .data.LED_R    0x0000000000802952        0x7 build/default/production/main.o
                0x0000000000802952                LED_R

.data.LED_Y     0x0000000000802959        0x7 load address 0x0000000000002a2a
 .data.LED_Y    0x0000000000802959        0x7 build/default/production/main.o
                0x0000000000802959                LED_Y

.data.LED_G     0x0000000000802960        0x7 load address 0x0000000000002a31
 .data.LED_G    0x0000000000802960        0x7 build/default/production/main.o
                0x0000000000802960                LED_G

.data.LED_S     0x0000000000802967        0x7 load address 0x0000000000002a38
 .data.LED_S    0x0000000000802967        0x7 build/default/production/main.o
                0x0000000000802967                LED_S

.data.USART1_tx_isr_cb
                0x000000000080296e        0x2 load address 0x0000000000002a3f
 .data.USART1_tx_isr_cb
                0x000000000080296e        0x2 build/default/production/mcc_generated_files/src/usart1.o
                0x000000000080296e                USART1_tx_isr_cb

.data.USART1_rx_isr_cb
                0x0000000000802970        0x2 load address 0x0000000000002a41
 .data.USART1_rx_isr_cb
                0x0000000000802970        0x2 build/default/production/mcc_generated_files/src/usart1.o
                0x0000000000802970                USART1_rx_isr_cb

.data.TCA0_OVF_isr_cb
                0x0000000000802986        0x2 load address 0x0000000000002a43
 .data.TCA0_OVF_isr_cb
                0x0000000000802986        0x2 build/default/production/mcc_generated_files/src/tca0.o
                0x0000000000802986                TCA0_OVF_isr_cb

.data.TCA0_CMP2_isr_cb
                0x0000000000802988        0x2 load address 0x0000000000002a45
 .data.TCA0_CMP2_isr_cb
                0x0000000000802988        0x2 build/default/production/mcc_generated_files/src/tca0.o
                0x0000000000802988                TCA0_CMP2_isr_cb

.data.TCA0_CMP1_isr_cb
                0x000000000080298a        0x2 load address 0x0000000000002a47
 .data.TCA0_CMP1_isr_cb
                0x000000000080298a        0x2 build/default/production/mcc_generated_files/src/tca0.o
                0x000000000080298a                TCA0_CMP1_isr_cb

.data.TCA0_CMP0_isr_cb
                0x000000000080298c        0x2 load address 0x0000000000002a49
 .data.TCA0_CMP0_isr_cb
                0x000000000080298c        0x2 build/default/production/mcc_generated_files/src/tca0.o
                0x000000000080298c                TCA0_CMP0_isr_cb

.data.display_str
                0x0000000000802996        0x2 load address 0x0000000000002a4b
 .data.display_str
                0x0000000000802996        0x2 build/default/production/main.o
                0x0000000000802996                display_str

.data.buffer    0x0000000000802998        0x2 load address 0x0000000000002a4d
 .data.buffer   0x0000000000802998        0x2 build/default/production/main.o
                0x0000000000802998                buffer

.data.command   0x000000000080299a        0x2 load address 0x0000000000002a4f
 .data.command  0x000000000080299a        0x2 build/default/production/main.o
                0x000000000080299a                command

.data           0x000000000080299c        0x2 load address 0x0000000000002a51
 .data          0x000000000080299c        0x2 c:/program files/microchip/xc8/v2.32/avr/bin/../lib/gcc/avr/5.4.0/../../../../avr/lib/avrxmega3\libc.a(asc_store.o)
                0x000000000080299c                __asc_store
